// Jest Snapshot v1, https://goo.gl/fbAQLP

exports[`CardContainer should match the snapshot 1`] = `
ShallowWrapper {
  "length": 1,
  Symbol(enzyme.__root__): [Circular],
  Symbol(enzyme.__unrendered__): <CardContainer
    cards={
        Array [
            Object {
              "homeworld": "Tatooine",
              "homeworldPopulation": "200000",
              "name": "Luke Skywalker",
              "species": "Human",
            },
            Object {
              "homeworld": "Tatooine",
              "homeworldPopulation": "200000",
              "name": "Lisa Skywalker",
              "species": "Human",
            },
          ]
    }
/>,
  Symbol(enzyme.__renderer__): Object {
    "batchedUpdates": [Function],
    "getNode": [Function],
    "render": [Function],
    "simulateEvent": [Function],
    "unmount": [Function],
  },
  Symbol(enzyme.__node__): Object {
    "instance": null,
    "key": undefined,
    "nodeType": "host",
    "props": Object {
      "children": Array [
        <Card
          favorite={undefined}
          info={
                    Object {
                              "homeworld": "Tatooine",
                              "homeworldPopulation": "200000",
                              "name": "Luke Skywalker",
                              "species": "Human",
                            }
          }
/>,
        <Card
          favorite={undefined}
          info={
                    Object {
                              "homeworld": "Tatooine",
                              "homeworldPopulation": "200000",
                              "name": "Lisa Skywalker",
                              "species": "Human",
                            }
          }
/>,
      ],
      "className": "card-container",
    },
    "ref": null,
    "rendered": Array [
      Object {
        "instance": null,
        "key": "0",
        "nodeType": "function",
        "props": Object {
          "favorite": undefined,
          "info": Object {
            "homeworld": "Tatooine",
            "homeworldPopulation": "200000",
            "name": "Luke Skywalker",
            "species": "Human",
          },
        },
        "ref": null,
        "rendered": null,
        "type": [Function],
      },
      Object {
        "instance": null,
        "key": "1",
        "nodeType": "function",
        "props": Object {
          "favorite": undefined,
          "info": Object {
            "homeworld": "Tatooine",
            "homeworldPopulation": "200000",
            "name": "Lisa Skywalker",
            "species": "Human",
          },
        },
        "ref": null,
        "rendered": null,
        "type": [Function],
      },
    ],
    "type": "div",
  },
  Symbol(enzyme.__nodes__): Array [
    Object {
      "instance": null,
      "key": undefined,
      "nodeType": "host",
      "props": Object {
        "children": Array [
          <Card
            favorite={undefined}
            info={
                        Object {
                                    "homeworld": "Tatooine",
                                    "homeworldPopulation": "200000",
                                    "name": "Luke Skywalker",
                                    "species": "Human",
                                  }
            }
/>,
          <Card
            favorite={undefined}
            info={
                        Object {
                                    "homeworld": "Tatooine",
                                    "homeworldPopulation": "200000",
                                    "name": "Lisa Skywalker",
                                    "species": "Human",
                                  }
            }
/>,
        ],
        "className": "card-container",
      },
      "ref": null,
      "rendered": Array [
        Object {
          "instance": null,
          "key": "0",
          "nodeType": "function",
          "props": Object {
            "favorite": undefined,
            "info": Object {
              "homeworld": "Tatooine",
              "homeworldPopulation": "200000",
              "name": "Luke Skywalker",
              "species": "Human",
            },
          },
          "ref": null,
          "rendered": null,
          "type": [Function],
        },
        Object {
          "instance": null,
          "key": "1",
          "nodeType": "function",
          "props": Object {
            "favorite": undefined,
            "info": Object {
              "homeworld": "Tatooine",
              "homeworldPopulation": "200000",
              "name": "Lisa Skywalker",
              "species": "Human",
            },
          },
          "ref": null,
          "rendered": null,
          "type": [Function],
        },
      ],
      "type": "div",
    },
  ],
  Symbol(enzyme.__options__): Object {
    "adapter": ReactSixteenAdapter {
      "options": Object {
        "enableComponentDidUpdateOnSetState": true,
      },
    },
  },
}
`;
